mode: set
github.com/lleontor705/cortex/v2/bench/dmr/baseline_adapter.go:57.134,58.27 1 1
github.com/lleontor705/cortex/v2/bench/dmr/baseline_adapter.go:58.27,60.3 1 1
github.com/lleontor705/cortex/v2/bench/dmr/baseline_adapter.go:61.2,62.27 2 1
github.com/lleontor705/cortex/v2/bench/dmr/baseline_adapter.go:62.27,64.3 1 1
github.com/lleontor705/cortex/v2/bench/dmr/baseline_adapter.go:65.2,65.24 1 1
github.com/lleontor705/cortex/v2/bench/dmr/baseline_adapter.go:65.24,67.3 1 1
github.com/lleontor705/cortex/v2/bench/dmr/baseline_adapter.go:68.2,68.97 1 1
github.com/lleontor705/cortex/v2/bench/dmr/baseline_adapter.go:68.97,70.3 1 1
github.com/lleontor705/cortex/v2/bench/dmr/baseline_adapter.go:72.2,96.8 1 1
github.com/lleontor705/cortex/v2/bench/dmr/baseline_adapter.go:99.55,100.54 1 1
github.com/lleontor705/cortex/v2/bench/dmr/baseline_adapter.go:100.54,102.3 1 1
github.com/lleontor705/cortex/v2/bench/dmr/baseline_adapter.go:103.2,103.46 1 1
github.com/lleontor705/cortex/v2/bench/dmr/runner.go:53.55,55.16 2 0
github.com/lleontor705/cortex/v2/bench/dmr/runner.go:55.16,57.3 1 0
github.com/lleontor705/cortex/v2/bench/dmr/runner.go:58.2,58.15 1 0
github.com/lleontor705/cortex/v2/bench/dmr/runner.go:58.15,58.35 1 0
github.com/lleontor705/cortex/v2/bench/dmr/runner.go:60.2,61.16 2 0
github.com/lleontor705/cortex/v2/bench/dmr/runner.go:61.16,63.3 1 0
github.com/lleontor705/cortex/v2/bench/dmr/runner.go:64.2,64.15 1 0
github.com/lleontor705/cortex/v2/bench/dmr/runner.go:64.15,64.37 1 0
github.com/lleontor705/cortex/v2/bench/dmr/runner.go:66.2,75.21 8 0
github.com/lleontor705/cortex/v2/bench/dmr/runner.go:75.21,76.49 1 0
github.com/lleontor705/cortex/v2/bench/dmr/runner.go:76.49,77.9 1 0
github.com/lleontor705/cortex/v2/bench/dmr/runner.go:80.3,81.64 2 0
github.com/lleontor705/cortex/v2/bench/dmr/runner.go:81.64,84.12 3 0
github.com/lleontor705/cortex/v2/bench/dmr/runner.go:87.3,90.72 2 0
github.com/lleontor705/cortex/v2/bench/dmr/runner.go:90.72,93.12 3 0
github.com/lleontor705/cortex/v2/bench/dmr/runner.go:97.3,99.37 3 0
github.com/lleontor705/cortex/v2/bench/dmr/runner.go:99.37,100.50 1 0
github.com/lleontor705/cortex/v2/bench/dmr/runner.go:100.50,101.10 1 0
github.com/lleontor705/cortex/v2/bench/dmr/runner.go:103.4,104.37 2 0
github.com/lleontor705/cortex/v2/bench/dmr/runner.go:107.3,107.12 1 0
github.com/lleontor705/cortex/v2/bench/dmr/runner.go:110.2,110.41 1 0
github.com/lleontor705/cortex/v2/bench/dmr/runner.go:110.41,112.3 1 0
github.com/lleontor705/cortex/v2/bench/dmr/runner.go:114.2,116.18 3 0
github.com/lleontor705/cortex/v2/bench/dmr/runner.go:119.118,121.42 1 0
github.com/lleontor705/cortex/v2/bench/dmr/runner.go:121.42,124.34 3 0
github.com/lleontor705/cortex/v2/bench/dmr/runner.go:124.34,126.4 1 0
github.com/lleontor705/cortex/v2/bench/dmr/runner.go:128.3,134.85 2 0
github.com/lleontor705/cortex/v2/bench/dmr/runner.go:134.85,136.4 1 0
github.com/lleontor705/cortex/v2/bench/dmr/runner.go:140.2,142.35 3 0
github.com/lleontor705/cortex/v2/bench/dmr/runner.go:142.35,144.3 1 0
github.com/lleontor705/cortex/v2/bench/dmr/runner.go:146.2,153.49 2 0
github.com/lleontor705/cortex/v2/bench/dmr/runner.go:153.49,159.3 1 0
github.com/lleontor705/cortex/v2/bench/dmr/runner.go:160.2,160.49 1 0
github.com/lleontor705/cortex/v2/bench/dmr/runner.go:160.49,166.3 1 0
github.com/lleontor705/cortex/v2/bench/dmr/runner.go:168.2,168.75 1 0
github.com/lleontor705/cortex/v2/bench/dmr/runner.go:171.148,179.16 3 0
github.com/lleontor705/cortex/v2/bench/dmr/runner.go:179.16,181.35 2 0
github.com/lleontor705/cortex/v2/bench/dmr/runner.go:181.35,182.14 1 0
github.com/lleontor705/cortex/v2/bench/dmr/runner.go:182.14,183.10 1 0
github.com/lleontor705/cortex/v2/bench/dmr/runner.go:185.4,185.36 1 0
github.com/lleontor705/cortex/v2/bench/dmr/runner.go:187.3,187.34 1 0
github.com/lleontor705/cortex/v2/bench/dmr/runner.go:190.2,195.25 5 0
github.com/lleontor705/cortex/v2/bench/dmr/runner.go:195.25,197.41 2 0
github.com/lleontor705/cortex/v2/bench/dmr/runner.go:197.41,199.4 1 0
github.com/lleontor705/cortex/v2/bench/dmr/runner.go:202.2,210.3 1 0
github.com/lleontor705/cortex/v2/bench/dmr/runner.go:213.49,214.19 1 0
github.com/lleontor705/cortex/v2/bench/dmr/runner.go:214.19,216.3 1 0
github.com/lleontor705/cortex/v2/bench/dmr/runner.go:218.2,219.48 2 0
github.com/lleontor705/cortex/v2/bench/dmr/runner.go:219.48,221.3 1 0
github.com/lleontor705/cortex/v2/bench/dmr/runner.go:223.2,224.52 2 0
github.com/lleontor705/cortex/v2/bench/dmr/runner.go:224.52,226.30 2 0
github.com/lleontor705/cortex/v2/bench/dmr/runner.go:226.30,228.4 1 0
github.com/lleontor705/cortex/v2/bench/dmr/runner.go:229.3,229.35 1 0
github.com/lleontor705/cortex/v2/bench/dmr/runner.go:231.2,231.11 1 0
github.com/lleontor705/cortex/v2/bench/dmr/runner.go:234.41,235.19 1 0
github.com/lleontor705/cortex/v2/bench/dmr/runner.go:235.19,237.3 1 0
github.com/lleontor705/cortex/v2/bench/dmr/runner.go:238.2,238.24 1 0
